    John Aaron <aaron@cs.cornell.edu>,
    Anil Nerode <anil@math.cornell.edu>,
    S. Artemov <artemov@math.cornell.edu>,
    Howard Blair <blair@top.cis.syr.edu>,
    William Calhoun <wcalhoun@planetx.bloomu.edu>,
    James Cheney <jcheney@cs.cornell.edu>, 
    Francis Chu <fcc@cs.cornell.edu>,
    Robert Constable <rc@cs.cornell.edu>, 
    Evan Moran <evan@cs.cornell.edu>,
    Audrey Ferry <audrey@math.binghamton.edu>, 
    Joe Halpern <halpern@cs.cornell.edu>,
    Harold Hodes <hth3@cornell.edu>,
    Joe Miller <jmiller@math.cornell.edu>,
    John Rosenthal <rosentha@clarityconnect.com>, 
    Kay Wagner <cmw18@cornell.edu>,
    Dexter Kozen <kozen@cs.cornell.edu>,
    Chris Leary <LEARY@UNO.CC.GENESEO.EDU>,
    Mohan Rajagopalan <mohan@math.cornell.edu>,
    Michael Morley <morley@math.cornell.edu>,
    Nat Miller <nat@math.cornell.edu>,
    Noam Greenberg <erlkonig@math.cornell.edu>,
    Reba Schuller <Reba@math.cornell.edu>,
    Jeffrey Wells Roland <jwr13@cornell.edu>,
    Roman Tymkiv <crmatym@math.cornell.edu>,
    David Rosenthal <davidr@oracorp.com>,
    Richard A. Shore <shore@math.cornell.edu>,
    Suman Ganguli <suman@math.cornell.edu>, 
    John Vaughn <vaughn@hws.edu>,
    Yuval Gabay <Yuval@math.cornell.edu
    Stephan Zdancewic <zdance@cs.cornell.edu>
    Susan Weirich <sweirich@cs.cornell.edu>    
    Alexei Kopylov <kopylov@cs.cornell.edu>
    Chris Hardin <hardin@math.cornell.edu>
    <nogina@ math.cornell.edu>
    Alexandre Evfimievski <aevf@cs.cornell.edu>
    Russell G. Miller <russell@math.cornell.edu>
    James M. Belk <belk@math.cornell.edu>
    Lim Hway Kiong <limhk@math.cornell.edu>
